------------------------------------------------------------
TimeQuest Timing Analyzer Summary
------------------------------------------------------------

Type  : Slow 1200mV 85C Model Setup 'PLL_inst|altpll_component|auto_generated|pll1|clk[0]'
Slack : 1.182
TNS   : 0.000

Type  : Slow 1200mV 85C Model Setup 'CLOCK_50'
Slack : 15.820
TNS   : 0.000

Type  : Slow 1200mV 85C Model Setup 'altera_reserved_tck'
Slack : 46.898
TNS   : 0.000

Type  : Slow 1200mV 85C Model Hold 'PLL_inst|altpll_component|auto_generated|pll1|clk[0]'
Slack : 0.346
TNS   : 0.000

Type  : Slow 1200mV 85C Model Hold 'altera_reserved_tck'
Slack : 0.402
TNS   : 0.000

Type  : Slow 1200mV 85C Model Hold 'CLOCK_50'
Slack : 0.408
TNS   : 0.000

Type  : Slow 1200mV 85C Model Recovery 'PLL_inst|altpll_component|auto_generated|pll1|clk[0]'
Slack : 5.193
TNS   : 0.000

Type  : Slow 1200mV 85C Model Recovery 'altera_reserved_tck'
Slack : 48.121
TNS   : 0.000

Type  : Slow 1200mV 85C Model Removal 'altera_reserved_tck'
Slack : 1.004
TNS   : 0.000

Type  : Slow 1200mV 85C Model Removal 'PLL_inst|altpll_component|auto_generated|pll1|clk[0]'
Slack : 3.244
TNS   : 0.000

Type  : Slow 1200mV 85C Model Minimum Pulse Width 'PLL_inst|altpll_component|auto_generated|pll1|clk[0]'
Slack : 4.616
TNS   : 0.000

Type  : Slow 1200mV 85C Model Minimum Pulse Width 'CLOCK_50'
Slack : 9.684
TNS   : 0.000

Type  : Slow 1200mV 85C Model Minimum Pulse Width 'CLOCK2_50'
Slack : 16.000
TNS   : 0.000

Type  : Slow 1200mV 85C Model Minimum Pulse Width 'CLOCK3_50'
Slack : 16.000
TNS   : 0.000

Type  : Slow 1200mV 85C Model Minimum Pulse Width 'altera_reserved_tck'
Slack : 49.545
TNS   : 0.000

Type  : Slow 1200mV 0C Model Setup 'PLL_inst|altpll_component|auto_generated|pll1|clk[0]'
Slack : 1.948
TNS   : 0.000

Type  : Slow 1200mV 0C Model Setup 'CLOCK_50'
Slack : 16.242
TNS   : 0.000

Type  : Slow 1200mV 0C Model Setup 'altera_reserved_tck'
Slack : 47.298
TNS   : 0.000

Type  : Slow 1200mV 0C Model Hold 'PLL_inst|altpll_component|auto_generated|pll1|clk[0]'
Slack : 0.343
TNS   : 0.000

Type  : Slow 1200mV 0C Model Hold 'altera_reserved_tck'
Slack : 0.353
TNS   : 0.000

Type  : Slow 1200mV 0C Model Hold 'CLOCK_50'
Slack : 0.365
TNS   : 0.000

Type  : Slow 1200mV 0C Model Recovery 'PLL_inst|altpll_component|auto_generated|pll1|clk[0]'
Slack : 5.622
TNS   : 0.000

Type  : Slow 1200mV 0C Model Recovery 'altera_reserved_tck'
Slack : 48.398
TNS   : 0.000

Type  : Slow 1200mV 0C Model Removal 'altera_reserved_tck'
Slack : 0.908
TNS   : 0.000

Type  : Slow 1200mV 0C Model Removal 'PLL_inst|altpll_component|auto_generated|pll1|clk[0]'
Slack : 2.902
TNS   : 0.000

Type  : Slow 1200mV 0C Model Minimum Pulse Width 'PLL_inst|altpll_component|auto_generated|pll1|clk[0]'
Slack : 4.648
TNS   : 0.000

Type  : Slow 1200mV 0C Model Minimum Pulse Width 'CLOCK_50'
Slack : 9.691
TNS   : 0.000

Type  : Slow 1200mV 0C Model Minimum Pulse Width 'CLOCK2_50'
Slack : 16.000
TNS   : 0.000

Type  : Slow 1200mV 0C Model Minimum Pulse Width 'CLOCK3_50'
Slack : 16.000
TNS   : 0.000

Type  : Slow 1200mV 0C Model Minimum Pulse Width 'altera_reserved_tck'
Slack : 49.477
TNS   : 0.000

Type  : Fast 1200mV 0C Model Setup 'PLL_inst|altpll_component|auto_generated|pll1|clk[0]'
Slack : 5.523
TNS   : 0.000

Type  : Fast 1200mV 0C Model Setup 'CLOCK_50'
Slack : 17.905
TNS   : 0.000

Type  : Fast 1200mV 0C Model Setup 'altera_reserved_tck'
Slack : 48.840
TNS   : 0.000

Type  : Fast 1200mV 0C Model Hold 'PLL_inst|altpll_component|auto_generated|pll1|clk[0]'
Slack : 0.139
TNS   : 0.000

Type  : Fast 1200mV 0C Model Hold 'altera_reserved_tck'
Slack : 0.181
TNS   : 0.000

Type  : Fast 1200mV 0C Model Hold 'CLOCK_50'
Slack : 0.189
TNS   : 0.000

Type  : Fast 1200mV 0C Model Recovery 'PLL_inst|altpll_component|auto_generated|pll1|clk[0]'
Slack : 7.437
TNS   : 0.000

Type  : Fast 1200mV 0C Model Recovery 'altera_reserved_tck'
Slack : 49.403
TNS   : 0.000

Type  : Fast 1200mV 0C Model Removal 'altera_reserved_tck'
Slack : 0.489
TNS   : 0.000

Type  : Fast 1200mV 0C Model Removal 'PLL_inst|altpll_component|auto_generated|pll1|clk[0]'
Slack : 1.705
TNS   : 0.000

Type  : Fast 1200mV 0C Model Minimum Pulse Width 'PLL_inst|altpll_component|auto_generated|pll1|clk[0]'
Slack : 4.751
TNS   : 0.000

Type  : Fast 1200mV 0C Model Minimum Pulse Width 'CLOCK_50'
Slack : 9.268
TNS   : 0.000

Type  : Fast 1200mV 0C Model Minimum Pulse Width 'CLOCK2_50'
Slack : 16.000
TNS   : 0.000

Type  : Fast 1200mV 0C Model Minimum Pulse Width 'CLOCK3_50'
Slack : 16.000
TNS   : 0.000

Type  : Fast 1200mV 0C Model Minimum Pulse Width 'altera_reserved_tck'
Slack : 49.298
TNS   : 0.000

------------------------------------------------------------
