------------------------------------------------------------
TimeQuest Timing Analyzer Summary
------------------------------------------------------------

Type  : Slow 1200mV 85C Model Setup 'PLL_inst|altpll_component|auto_generated|pll1|clk[0]'
Slack : 1.497
TNS   : 0.000

Type  : Slow 1200mV 85C Model Setup 'CLOCK_50'
Slack : 15.379
TNS   : 0.000

Type  : Slow 1200mV 85C Model Setup 'altera_reserved_tck'
Slack : 46.076
TNS   : 0.000

Type  : Slow 1200mV 85C Model Hold 'PLL_inst|altpll_component|auto_generated|pll1|clk[0]'
Slack : 0.332
TNS   : 0.000

Type  : Slow 1200mV 85C Model Hold 'altera_reserved_tck'
Slack : 0.402
TNS   : 0.000

Type  : Slow 1200mV 85C Model Hold 'CLOCK_50'
Slack : 0.406
TNS   : 0.000

Type  : Slow 1200mV 85C Model Recovery 'PLL_inst|altpll_component|auto_generated|pll1|clk[0]'
Slack : 4.962
TNS   : 0.000

Type  : Slow 1200mV 85C Model Recovery 'altera_reserved_tck'
Slack : 47.723
TNS   : 0.000

Type  : Slow 1200mV 85C Model Removal 'altera_reserved_tck'
Slack : 1.220
TNS   : 0.000

Type  : Slow 1200mV 85C Model Removal 'PLL_inst|altpll_component|auto_generated|pll1|clk[0]'
Slack : 2.891
TNS   : 0.000

Type  : Slow 1200mV 85C Model Minimum Pulse Width 'PLL_inst|altpll_component|auto_generated|pll1|clk[0]'
Slack : 4.621
TNS   : 0.000

Type  : Slow 1200mV 85C Model Minimum Pulse Width 'CLOCK_50'
Slack : 9.683
TNS   : 0.000

Type  : Slow 1200mV 85C Model Minimum Pulse Width 'CLOCK2_50'
Slack : 16.000
TNS   : 0.000

Type  : Slow 1200mV 85C Model Minimum Pulse Width 'CLOCK3_50'
Slack : 16.000
TNS   : 0.000

Type  : Slow 1200mV 85C Model Minimum Pulse Width 'altera_reserved_tck'
Slack : 49.549
TNS   : 0.000

Type  : Slow 1200mV 0C Model Setup 'PLL_inst|altpll_component|auto_generated|pll1|clk[0]'
Slack : 2.201
TNS   : 0.000

Type  : Slow 1200mV 0C Model Setup 'CLOCK_50'
Slack : 15.805
TNS   : 0.000

Type  : Slow 1200mV 0C Model Setup 'altera_reserved_tck'
Slack : 46.525
TNS   : 0.000

Type  : Slow 1200mV 0C Model Hold 'PLL_inst|altpll_component|auto_generated|pll1|clk[0]'
Slack : 0.333
TNS   : 0.000

Type  : Slow 1200mV 0C Model Hold 'altera_reserved_tck'
Slack : 0.353
TNS   : 0.000

Type  : Slow 1200mV 0C Model Hold 'CLOCK_50'
Slack : 0.364
TNS   : 0.000

Type  : Slow 1200mV 0C Model Recovery 'PLL_inst|altpll_component|auto_generated|pll1|clk[0]'
Slack : 5.407
TNS   : 0.000

Type  : Slow 1200mV 0C Model Recovery 'altera_reserved_tck'
Slack : 48.040
TNS   : 0.000

Type  : Slow 1200mV 0C Model Removal 'altera_reserved_tck'
Slack : 1.120
TNS   : 0.000

Type  : Slow 1200mV 0C Model Removal 'PLL_inst|altpll_component|auto_generated|pll1|clk[0]'
Slack : 2.582
TNS   : 0.000

Type  : Slow 1200mV 0C Model Minimum Pulse Width 'PLL_inst|altpll_component|auto_generated|pll1|clk[0]'
Slack : 4.651
TNS   : 0.000

Type  : Slow 1200mV 0C Model Minimum Pulse Width 'CLOCK_50'
Slack : 9.691
TNS   : 0.000

Type  : Slow 1200mV 0C Model Minimum Pulse Width 'CLOCK2_50'
Slack : 16.000
TNS   : 0.000

Type  : Slow 1200mV 0C Model Minimum Pulse Width 'CLOCK3_50'
Slack : 16.000
TNS   : 0.000

Type  : Slow 1200mV 0C Model Minimum Pulse Width 'altera_reserved_tck'
Slack : 49.479
TNS   : 0.000

Type  : Fast 1200mV 0C Model Setup 'PLL_inst|altpll_component|auto_generated|pll1|clk[0]'
Slack : 5.682
TNS   : 0.000

Type  : Fast 1200mV 0C Model Setup 'CLOCK_50'
Slack : 17.655
TNS   : 0.000

Type  : Fast 1200mV 0C Model Setup 'altera_reserved_tck'
Slack : 48.400
TNS   : 0.000

Type  : Fast 1200mV 0C Model Hold 'PLL_inst|altpll_component|auto_generated|pll1|clk[0]'
Slack : 0.129
TNS   : 0.000

Type  : Fast 1200mV 0C Model Hold 'altera_reserved_tck'
Slack : 0.180
TNS   : 0.000

Type  : Fast 1200mV 0C Model Hold 'CLOCK_50'
Slack : 0.188
TNS   : 0.000

Type  : Fast 1200mV 0C Model Recovery 'PLL_inst|altpll_component|auto_generated|pll1|clk[0]'
Slack : 7.321
TNS   : 0.000

Type  : Fast 1200mV 0C Model Recovery 'altera_reserved_tck'
Slack : 49.173
TNS   : 0.000

Type  : Fast 1200mV 0C Model Removal 'altera_reserved_tck'
Slack : 0.567
TNS   : 0.000

Type  : Fast 1200mV 0C Model Removal 'PLL_inst|altpll_component|auto_generated|pll1|clk[0]'
Slack : 1.523
TNS   : 0.000

Type  : Fast 1200mV 0C Model Minimum Pulse Width 'PLL_inst|altpll_component|auto_generated|pll1|clk[0]'
Slack : 4.750
TNS   : 0.000

Type  : Fast 1200mV 0C Model Minimum Pulse Width 'CLOCK_50'
Slack : 9.268
TNS   : 0.000

Type  : Fast 1200mV 0C Model Minimum Pulse Width 'CLOCK2_50'
Slack : 16.000
TNS   : 0.000

Type  : Fast 1200mV 0C Model Minimum Pulse Width 'CLOCK3_50'
Slack : 16.000
TNS   : 0.000

Type  : Fast 1200mV 0C Model Minimum Pulse Width 'altera_reserved_tck'
Slack : 49.303
TNS   : 0.000

------------------------------------------------------------
